Opened log file 'C:\AI\ConnectInternet\t1-stack.log'

************* Preparing the environment for Debugger Extensions Gallery repositories **************
   ExtensionRepository : Implicit
   UseExperimentalFeatureForNugetShare : true
   AllowNugetExeUpdate : true
   NonInteractiveNuget : true
   AllowNugetMSCredentialProviderInstall : true
   AllowParallelInitializationOfLocalRepositories : true

   -- Configuring repositories
      ----> Repository : LocalInstalled, Enabled: true
      ----> Repository : UserExtensions, Enabled: true

>>>>>>>>>>>>> Preparing the environment for Debugger Extensions Gallery repositories completed, duration 0.000 seconds

************* Waiting for Debugger Extensions Gallery to Initialize **************

>>>>>>>>>>>>> Waiting for Debugger Extensions Gallery to Initialize completed, duration 0.484 seconds
   ----> Repository : UserExtensions, Enabled: true, Packages count: 0
   ----> Repository : LocalInstalled, Enabled: true, Packages count: 46

Microsoft (R) Windows Debugger Version 10.0.29617.1000 AMD64
Copyright (c) Microsoft Corporation. All rights reserved.

*** wait with pending attach
NatVis script successfully loaded from 'C:\Program Files\WindowsApps\Microsoft.WinDbg_1.2606.22001.0_x64__8wekyb3d8bbwe\amd64\Visualizers\atlmfc.natvis'
NatVis script successfully loaded from 'C:\Program Files\WindowsApps\Microsoft.WinDbg_1.2606.22001.0_x64__8wekyb3d8bbwe\amd64\Visualizers\concurrency.natvis'
NatVis script successfully loaded from 'C:\Program Files\WindowsApps\Microsoft.WinDbg_1.2606.22001.0_x64__8wekyb3d8bbwe\amd64\Visualizers\cpp_rest.natvis'
NatVis script successfully loaded from 'C:\Program Files\WindowsApps\Microsoft.WinDbg_1.2606.22001.0_x64__8wekyb3d8bbwe\amd64\Visualizers\ObjectiveC.natvis'
NatVis script successfully loaded from 'C:\Program Files\WindowsApps\Microsoft.WinDbg_1.2606.22001.0_x64__8wekyb3d8bbwe\amd64\Visualizers\stl.natvis'
NatVis script successfully loaded from 'C:\Program Files\WindowsApps\Microsoft.WinDbg_1.2606.22001.0_x64__8wekyb3d8bbwe\amd64\Visualizers\Windows.Data.Json.natvis'
NatVis script successfully loaded from 'C:\Program Files\WindowsApps\Microsoft.WinDbg_1.2606.22001.0_x64__8wekyb3d8bbwe\amd64\Visualizers\Windows.Devices.Geolocation.natvis'
NatVis script successfully loaded from 'C:\Program Files\WindowsApps\Microsoft.WinDbg_1.2606.22001.0_x64__8wekyb3d8bbwe\amd64\Visualizers\Windows.Devices.Sensors.natvis'
NatVis script successfully loaded from 'C:\Program Files\WindowsApps\Microsoft.WinDbg_1.2606.22001.0_x64__8wekyb3d8bbwe\amd64\Visualizers\Windows.Media.natvis'
NatVis script successfully loaded from 'C:\Program Files\WindowsApps\Microsoft.WinDbg_1.2606.22001.0_x64__8wekyb3d8bbwe\amd64\Visualizers\windows.natvis'
NatVis script successfully loaded from 'C:\Program Files\WindowsApps\Microsoft.WinDbg_1.2606.22001.0_x64__8wekyb3d8bbwe\amd64\Visualizers\winrt.natvis'

************* Path validation summary **************
Response                         Time (ms)     Location
Deferred                                       srv*
Symbol search path is: srv*
Executable search path is: 

+------------------------------------------------------------------------+
| This target supports Hardware-enforced Stack Protection. A HW based    |
| "Shadow Stack" may be available to assist in debugging and analysis.   |
| See aka.ms/userhsp for more info.                                      |
|                                                                        |
| dps @ssp                                                               |
|                                                                        |
+------------------------------------------------------------------------+

ModLoad: 00007ff6`3ead0000 00007ff6`3f65c000   C:\AI\ConnectInternet\target\release\client.exe
ModLoad: 00007ff8`88200000 00007ff8`88467000   C:\Windows\SYSTEM32\ntdll.dll
ModLoad: 00007ff8`87e60000 00007ff8`87f2b000   C:\Windows\System32\KERNEL32.DLL
ModLoad: 00007ff8`857a0000 00007ff8`85ba2000   C:\Windows\System32\KERNELBASE.dll
ModLoad: 00007ff8`85f30000 00007ff8`85fec000   C:\Windows\System32\advapi32.dll
ModLoad: 00007ff8`876c0000 00007ff8`87769000   C:\Windows\System32\msvcrt.dll
ModLoad: 00007ff8`87f30000 00007ff8`87fd9000   C:\Windows\System32\sechost.dll
ModLoad: 00007ff8`86620000 00007ff8`86738000   C:\Windows\System32\RPCRT4.dll
ModLoad: 00007ff8`875e0000 00007ff8`8760b000   C:\Windows\System32\gdi32.dll
ModLoad: 00007ff8`85dc0000 00007ff8`85de7000   C:\Windows\System32\win32u.dll
ModLoad: 00007ff8`85df0000 00007ff8`85f19000   C:\Windows\System32\gdi32full.dll
ModLoad: 00007ff8`85bb0000 00007ff8`85c53000   C:\Windows\System32\msvcp_win.dll
ModLoad: 00007ff8`85c60000 00007ff8`85dac000   C:\Windows\System32\ucrtbase.dll
ModLoad: 00007ff8`87fe0000 00007ff8`881af000   C:\Windows\System32\USER32.dll
ModLoad: 00007ff8`87910000 00007ff8`87d97000   C:\Windows\System32\setupapi.dll
ModLoad: 00007ff8`86740000 00007ff8`86819000   C:\Windows\System32\oleaut32.dll
ModLoad: 00007ff8`86ab0000 00007ff8`86e35000   C:\Windows\System32\combase.dll
ModLoad: 00007ff8`82590000 00007ff8`826cb000   C:\Windows\SYSTEM32\dxgi.dll
ModLoad: 00007fff`be900000 00007fff`bea0c000   C:\Windows\SYSTEM32\opengl32.dll
ModLoad: 00007ff8`856e0000 00007ff8`8578c000   C:\Windows\System32\bcryptprimitives.dll
ModLoad: 00007ff8`86820000 00007ff8`868a0000   C:\Windows\System32\ws2_32.dll
ModLoad: 00007ff8`86e40000 00007ff8`875d8000   C:\Windows\System32\SHELL32.dll
ModLoad: 00007ff8`791f0000 00007ff8`7921d000   C:\Windows\SYSTEM32\GLU32.dll
ModLoad: 00007ff8`83ef0000 00007ff8`83f4e000   C:\Windows\SYSTEM32\powrprof.dll
ModLoad: 00007ff8`86370000 00007ff8`863a1000   C:\Windows\System32\imm32.dll
ModLoad: 00007ff8`82740000 00007ff8`82784000   C:\Windows\SYSTEM32\dxcore.dll
ModLoad: 00007ff8`86070000 00007ff8`8620a000   C:\Windows\System32\ole32.dll
ModLoad: 00007ff8`852f0000 00007ff8`8531a000   C:\Windows\SYSTEM32\bcrypt.dll
ModLoad: 00007ff8`81440000 00007ff8`8146f000   C:\Windows\SYSTEM32\dwmapi.dll
ModLoad: 00007ff8`81320000 00007ff8`813c8000   C:\Windows\SYSTEM32\uxtheme.dll
ModLoad: 00007fff`649b0000 00007fff`64da8000   C:\AI\ConnectInternet\third_party\ffmpeg\bin\avutil-60.dll
ModLoad: 00007fff`644f0000 00007fff`649af000   C:\AI\ConnectInternet\third_party\ffmpeg\bin\avdevice-62.dll
ModLoad: 00007fff`26640000 00007fff`27cb8000   C:\AI\ConnectInternet\third_party\ffmpeg\bin\avformat-62.dll
ModLoad: 00007ff8`86000000 00007ff8`86066000   C:\Windows\System32\SHLWAPI.dll
ModLoad: 00007ff8`85400000 00007ff8`8557e000   C:\Windows\System32\CRYPT32.dll
ModLoad: 00007fff`5ca60000 00007fff`5d70a000   C:\AI\ConnectInternet\third_party\ffmpeg\bin\swscale-9.dll
ModLoad: 00007ff8`58b40000 00007ff8`58b5e000   C:\Windows\SYSTEM32\VCRUNTIME140.dll
ModLoad: 00007ff8`85080000 00007ff8`850d2000   C:\Windows\SYSTEM32\CFGMGR32.dll
ModLoad: 00007ff8`82580000 00007ff8`8258b000   C:\Windows\SYSTEM32\AVRT.dll
ModLoad: 00007ff8`63d80000 00007ff8`63d9b000   C:\Windows\SYSTEM32\AVICAP32.dll
ModLoad: 00007ff8`80e60000 00007ff8`80e96000   C:\Windows\SYSTEM32\WINMM.dll
ModLoad: 00007fff`116c0000 00007fff`192a0000   C:\AI\ConnectInternet\third_party\ffmpeg\bin\avcodec-62.dll
ModLoad: 00007ff8`83b80000 00007ff8`83bb3000   C:\Windows\SYSTEM32\IPHLPAPI.DLL
ModLoad: 00007ff8`84ce0000 00007ff8`84d10000   C:\Windows\SYSTEM32\ncrypt.dll
ModLoad: 00007ff8`80260000 00007ff8`8026d000   C:\Windows\SYSTEM32\Secur32.dll
ModLoad: 00007fff`202a0000 00007fff`226aa000   C:\AI\ConnectInternet\third_party\ffmpeg\bin\avfilter-11.dll
ModLoad: 00007ff8`4f2d0000 00007ff8`4f2e9000   C:\Windows\SYSTEM32\USP10.dll
ModLoad: 00007ff8`63820000 00007ff8`6384c000   C:\Windows\SYSTEM32\MSVFW32.dll
ModLoad: 00007ff8`81680000 00007ff8`81cba000   C:\Windows\SYSTEM32\d2d1.dll
ModLoad: 00007ff8`83c60000 00007ff8`83db8000   C:\Windows\SYSTEM32\DNSAPI.dll
ModLoad: 00007ff8`81cc0000 00007ff8`81f2a000   C:\Windows\SYSTEM32\DWrite.dll
ModLoad: 00007ff8`84800000 00007ff8`84834000   C:\Windows\SYSTEM32\USERENV.dll
ModLoad: 00007ff8`58b60000 00007ff8`58b68000   C:\Windows\SYSTEM32\MSIMG32.dll
ModLoad: 00007ff8`63730000 00007ff8`6381f000   C:\AI\ConnectInternet\third_party\ffmpeg\bin\swresample-6.dll
ModLoad: 00007ff8`51e20000 00007ff8`51ed5000   C:\Windows\WinSxS\amd64_microsoft.windows.common-controls_6595b64144ccf1df_5.82.26100.8328_none_87eede957a2ccddd\COMCTL32.dll
ModLoad: 00007ff8`84550000 00007ff8`8455d000   C:\Windows\SYSTEM32\DSPARSE.dll
ModLoad: 00007ff8`84470000 00007ff8`844b9000   C:\Windows\SYSTEM32\SSPICLI.DLL
ModLoad: 00007ff8`849b0000 00007ff8`849bc000   C:\Windows\SYSTEM32\CRYPTBASE.DLL
ModLoad: 00007ff8`83ed0000 00007ff8`83ee5000   C:\Windows\SYSTEM32\UMPDC.dll
ModLoad: 00007ff8`869a0000 00007ff8`869aa000   C:\Windows\System32\NSI.dll
ModLoad: 00007ff8`84c90000 00007ff8`84ccf000   C:\Windows\SYSTEM32\NTASN1.dll
ModLoad: 00007fff`aedb0000 00007fff`aef5a000   C:\Windows\SYSTEM32\vulkan-1.dll
ModLoad: 00007ff8`86210000 00007ff8`8636b000   C:\Windows\System32\MSCTF.dll
ModLoad: 00007ff8`841b0000 00007ff8`841cb000   C:\Windows\SYSTEM32\kernel.appcore.dll
ModLoad: 00007ff8`87da0000 00007ff8`87e4e000   C:\Windows\System32\clbcatq.dll
ModLoad: 00007ff8`2bb60000 00007ff8`2bbbc000   C:\Windows\system32\dataexchange.dll
ModLoad: 00007ff8`798e0000 00007ff8`79b30000   C:\Windows\system32\twinapi.appcore.dll
ModLoad: 00007ff8`11380000 00007ff8`11698000   C:\Windows\system32\explorerframe.dll
ModLoad: 00007ff8`87810000 00007ff8`8790b000   C:\Windows\System32\SHCORE.dll
ModLoad: 00007ff8`4dc40000 00007ff8`4dc9d000   C:\Windows\system32\ApplicationTargetedFeatureDatabase.dll
ModLoad: 00007ff8`7fa00000 00007ff8`7fb6a000   C:\Windows\System32\WinTypes.dll
ModLoad: 00007ff8`589a0000 00007ff8`58ae2000   C:\Windows\SYSTEM32\textinputframework.dll
ModLoad: 00007ff8`52720000 00007ff8`52795000   C:\Windows\system32\Oleacc.dll
ModLoad: 00007ff8`7f6d0000 00007ff8`7f7fb000   C:\Windows\SYSTEM32\CoreMessaging.dll
ModLoad: 00007ff8`77080000 00007ff8`77364000   C:\Windows\SYSTEM32\CoreUIComponents.dll
ModLoad: 00007ff8`59c80000 00007ff8`59c9e000   C:\Windows\SYSTEM32\windows.staterepositorycore.dll
ModLoad: 00007ff8`7adf0000 00007ff8`7ae4e000   C:\Windows\SYSTEM32\directxdatabasehelper.dll
ModLoad: 00007fff`23280000 00007fff`24a48000   C:\Windows\System32\DriverStore\FileRepository\iigd_dch.inf_amd64_7d45d8b55cb0c546\igvk64.dll
ModLoad: 00007ff8`74e20000 00007ff8`753b3000   C:\Windows\System32\DriverStore\FileRepository\iigd_dch.inf_amd64_7d45d8b55cb0c546\igdgmm64.dll
ModLoad: 00007ff8`6f660000 00007ff8`747a9000   C:\Windows\System32\DriverStore\FileRepository\iigd_dch.inf_amd64_7d45d8b55cb0c546\igc64.dll
ModLoad: 00007fff`1d410000 00007fff`20295000   C:\Windows\System32\DriverStore\FileRepository\nvhmi.inf_amd64_ae423ba6a4391de8\nvoglv64.dll
ModLoad: 00007ff8`80310000 00007ff8`8033a000   C:\Windows\SYSTEM32\WTSAPI32.dll
ModLoad: 00007ff8`77c10000 00007ff8`77c1b000   C:\Windows\SYSTEM32\VERSION.dll
ModLoad: 00007ff8`84be0000 00007ff8`84bf3000   C:\Windows\SYSTEM32\msasn1.dll
ModLoad: 00007ff8`76f90000 00007ff8`76fcb000   C:\Windows\SYSTEM32\cryptnet.dll
ModLoad: 00007ff8`84a70000 00007ff8`84ada000   C:\Windows\SYSTEM32\wldp.dll
ModLoad: 00007ff8`76b40000 00007ff8`76cba000   C:\Windows\SYSTEM32\drvstore.dll
ModLoad: 00007ff8`85040000 00007ff8`8506f000   C:\Windows\SYSTEM32\devobj.dll
ModLoad: 00007ff8`842e0000 00007ff8`84316000   C:\Windows\SYSTEM32\ntmarta.dll
ModLoad: 00007ff8`85650000 00007ff8`856d2000   C:\Windows\System32\WINTRUST.dll
ModLoad: 00007ff8`87610000 00007ff8`87630000   C:\Windows\System32\imagehlp.dll
ModLoad: 00007ff8`84b70000 00007ff8`84b8b000   C:\Windows\SYSTEM32\CRYPTSP.dll
ModLoad: 00007ff8`84110000 00007ff8`84149000   C:\Windows\system32\rsaenh.dll
ModLoad: 00007ff8`3e430000 00007ff8`4423e000   C:\Windows\System32\DriverStore\FileRepository\nvhmi.inf_amd64_ae423ba6a4391de8\nvgpucomp64.dll
ModLoad: 00007ff8`58d20000 00007ff8`58d59000   C:\Windows\SYSTEM32\rometadata.dll
ModLoad: 00007ff8`553c0000 00007ff8`5540d000   C:\ProgramData\obs-studio-hook\graphics-hook64.dll
ModLoad: 00007ff8`82e40000 00007ff8`836ee000   C:\Windows\SYSTEM32\windows.storage.dll
ModLoad: 00007ff8`85320000 00007ff8`85349000   C:\Windows\SYSTEM32\profapi.dll
ModLoad: 00007ff8`537e0000 00007ff8`53941000   C:\Windows\System32\DriverStore\FileRepository\iigd_dch.inf_amd64_7d45d8b55cb0c546\igvkMedia64.dll
ModLoad: 00007ff8`5d180000 00007ff8`5e6f7000   C:\Windows\System32\DriverStore\FileRepository\iigd_dch.inf_amd64_7d45d8b55cb0c546\igddxvacommon64.dll
ModLoad: 00007ff8`5aed0000 00007ff8`5cf42000   C:\Windows\System32\DriverStore\FileRepository\iigd_dch.inf_amd64_7d45d8b55cb0c546\media_bin_64.dll
ModLoad: 00007fff`d74b0000 00007fff`d7614000   C:\Windows\system32\nvspcap64.dll
ModLoad: 00007ff8`64400000 00007ff8`64423000   C:\Windows\SYSTEM32\d3d12.dll
ModLoad: 00007ff8`7ea70000 00007ff8`7eeef000   C:\Windows\SYSTEM32\d3dcompiler_47.dll
ModLoad: 00007ff8`83a40000 00007ff8`83aa4000   C:\Windows\SYSTEM32\WINSTA.dll
ModLoad: 00007ffe`ff1a0000 00007fff`02604000   C:\Windows\System32\DriverStore\FileRepository\nvhmi.inf_amd64_ae423ba6a4391de8\nvrtum64.dll
ModLoad: 00007ff8`6b3a0000 00007ff8`6b42e000   C:\Windows\System32\DispBroker.dll
ModLoad: 00007ff8`64b10000 00007ff8`64b99000   C:\Windows\SYSTEM32\nvapi64.dll
ModLoad: 00007ff8`64440000 00007ff8`649b7000   C:\Windows\system32\DriverStore\FileRepository\nvhmi.inf_amd64_ae423ba6a4391de8\nvapi64_impl.dll
ModLoad: 00007fff`68dc0000 00007fff`6911b000   C:\Windows\SYSTEM32\D3D12Core.dll
ModLoad: 00007ff8`310c0000 00007ff8`317e7000   C:\Windows\System32\DriverStore\FileRepository\nvhmi.inf_amd64_ae423ba6a4391de8\nvppex.dll
ModLoad: 00007fff`92020000 00007fff`920ff000   C:\Windows\SYSTEM32\D3DSCache.dll
ModLoad: 00007ff8`84750000 00007ff8`847bc000   C:\Windows\system32\mswsock.dll
(c19c.8694): Break instruction exception - code 80000003 (first chance)
ntdll!DbgBreakPoint:
00007ff8`88323ab0 cc              int     3
0:021> ~*k; qd
~*k; qd

   0  Id: c19c.fc8 Suspend: 1 Teb: 000000c6`7671b000 Unfrozen "main"
 # Child-SP          RetAddr               Call Site
00 000000c6`7653e678 00007ff8`87ff7e6b     win32u!NtUserMessageCall+0x14
01 000000c6`7653e680 00007ff8`87ff79de     USER32!RealDefWindowProcWorker+0xcb
*** WARNING: Unable to verify checksum for C:\AI\ConnectInternet\target\release\client.exe
02 000000c6`7653e740 00007ff6`3f2eedfd     USER32!DefWindowProcW+0xee
03 (Inline Function) --------`--------     client!winit::platform_impl::windows::event_loop::public_window_callback_inner+0xe9 [C:\Users\MurphyZRD\.cargo\registry\src\index.crates.io-1949cf8c6b5b557f\winit-0.30.13\src\platform_impl\windows\event_loop.rs @ 2470] 
04 000000c6`7653e7a0 00007ff8`87ff52c6     client!winit::platform_impl::windows::event_loop::public_window_callback+0x1ad [C:\Users\MurphyZRD\.cargo\registry\src\index.crates.io-1949cf8c6b5b557f\winit-0.30.13\src\platform_impl\windows\event_loop.rs @ 1100] 
05 000000c6`7653e8d0 00007ff8`87ff4d8c     USER32!UserCallWinProcCheckWow+0x356
06 000000c6`7653ea30 00007fff`be90be23     USER32!CallWindowProcW+0x16c
07 000000c6`7653eaa0 00007ff8`87ff52c6     opengl32!wglWndProc+0xe3
08 000000c6`7653eb00 00007ff8`87ff5d9d     USER32!UserCallWinProcCheckWow+0x356
09 000000c6`7653ec60 00007ff6`3ebff765     USER32!DispatchMessageWorker+0x1dd
0a 000000c6`7653ece0 00007ff6`3ec02de7     client!winit::platform_impl::windows::event_loop::EventLoop::dispatch_peeked_messages<tuple$<> >+0x115 [C:\Users\MurphyZRD\.cargo\registry\src\index.crates.io-1949cf8c6b5b557f\winit-0.30.13\src\platform_impl\windows\event_loop.rs @ 423] 
0b (Inline Function) --------`--------     client!winit::platform_impl::windows::event_loop::EventLoop::run_on_demand+0xb1 [C:\Users\MurphyZRD\.cargo\registry\src\index.crates.io-1949cf8c6b5b557f\winit-0.30.13\src\platform_impl\windows\event_loop.rs @ 277] 
0c (Inline Function) --------`--------     client!winit::platform_impl::windows::event_loop::EventLoop::run+0xb1 [C:\Users\MurphyZRD\.cargo\registry\src\index.crates.io-1949cf8c6b5b557f\winit-0.30.13\src\platform_impl\windows\event_loop.rs @ 233] 
0d (Inline Function) --------`--------     client!winit::event_loop::EventLoop::run_app+0xb1 [C:\Users\MurphyZRD\.cargo\registry\src\index.crates.io-1949cf8c6b5b557f\winit-0.30.13\src\event_loop.rs @ 265] 
0e 000000c6`7653edb0 00007ff6`3eba7fd4     client!client::stream::run+0x787 [C:\AI\ConnectInternet\crates\client\src\stream.rs @ 93] 
0f 000000c6`7653f2a0 00007ff6`3ec14f26     client!client::main+0x10e4 [C:\AI\ConnectInternet\crates\client\src\main.rs @ 82] 
10 (Inline Function) --------`--------     client!core::ops::function::FnOnce::call_once+0x2 [/rustc/48a229ceaefd4985c50990b14116b6d856af0985/library\core\src\ops\function.rs @ 250] 
11 000000c6`7653f980 00007ff6`3eb91d9c     client!std::sys::backtrace::__rust_begin_short_backtrace<void (*)(),tuple$<> >+0x6 [/rustc/48a229ceaefd4985c50990b14116b6d856af0985/library\std\src\sys\backtrace.rs @ 166] 
12 (Inline Function) --------`--------     client!std::rt::lang_start::closure$0+0x5 [/rustc/48a229ceaefd4985c50990b14116b6d856af0985/library\std\src\rt.rs @ 206] 
13 (Inline Function) --------`--------     client!core::ops::function::FnOnce::call_once+0x5 [/rustc/48a229ceaefd4985c50990b14116b6d856af0985/library\core\src\ops\function.rs @ 250] 
14 000000c6`7653f9b0 00007ff6`3ef6bc00     client!core::ops::function::FnOnce::call_once<std::rt::lang_start::closure_env$0<tuple$<> >,tuple$<> >+0xc [/rustc/48a229ceaefd4985c50990b14116b6d856af0985/library\std\src\rt.rs @ 206] 
15 (Inline Function) --------`--------     client!std::rt::lang_start_internal::closure$0+0x96 [/rustc/48a229ceaefd4985c50990b14116b6d856af0985/library\std\src\rt.rs @ 175] 
16 (Inline Function) --------`--------     client!std::panicking::catch_unwind::do_call+0x96 [/rustc/48a229ceaefd4985c50990b14116b6d856af0985/library\std\src\panicking.rs @ 576] 
17 (Inline Function) --------`--------     client!std::panicking::catch_unwind+0x96 [/rustc/48a229ceaefd4985c50990b14116b6d856af0985/library\std\src\panicking.rs @ 544] 
18 (Inline Function) --------`--------     client!std::panic::catch_unwind+0x96 [/rustc/48a229ceaefd4985c50990b14116b6d856af0985/library\std\src\panic.rs @ 359] 
19 000000c6`7653f9e0 00007ff6`3ebacdfc     client!std::rt::lang_start_internal+0xb0 [/rustc/48a229ceaefd4985c50990b14116b6d856af0985/library\std\src\rt.rs @ 171] 
1a 000000c6`7653fa70 00007ff6`3f326c4c     client!main+0x2c
1b (Inline Function) --------`--------     client!invoke_main+0x22 [D:\a\_work\1\s\src\vctools\crt\vcstartup\src\startup\exe_common.inl @ 78] 
1c 000000c6`7653fab0 00007ff8`87e8cd87     client!__scrt_common_main_seh+0x10c [D:\a\_work\1\s\src\vctools\crt\vcstartup\src\startup\exe_common.inl @ 288] 
1d 000000c6`7653faf0 00007ff8`882acaec     KERNEL32!BaseThreadInitThunk+0x17
1e 000000c6`7653fb20 00000000`00000000     ntdll!RtlUserThreadStart+0x2c

   1  Id: c19c.5184 Suspend: 1 Teb: 000000c6`76723000 Unfrozen
 # Child-SP          RetAddr               Call Site
00 000000c6`76bff788 00007ff8`857c2773     ntdll!NtWaitForMultipleObjects+0x14
